\BOOKMARK [-1][-]{part.1}{I\040Bericht\040zur\040Tagung}{}% 1
\BOOKMARK [0][-]{chapter.1}{Machine\040Learning}{part.1}% 2
\BOOKMARK [1][-]{section.1.1}{\376\377\000D\000o\000c\000t\000o\000r\000a\000l\000\040\000C\000o\000n\000s\000o\000r\000t\000i\000u\000m\000:\000\040\000V\000o\000n\000\040\000d\000e\000r\000\040\000H\000a\000n\000d\000s\000c\000h\000r\000i\000f\000t\000\040\000z\000u\000m\000\040\000D\000a\000t\000e\000n\000s\000a\000t\000z\000:\000\040\000C\000o\000m\000p\000u\000t\000e\000r\000g\000e\000s\000t\000\374\000t\000z\000t\000e\000\040\000E\000r\000s\000c\000h\000l\000i\000e\000\337\000u\000n\000g\000\040\000u\000n\000d\000\040\000A\000u\000f\000b\000e\000r\000e\000i\000t\000u\000n\000g\000\040\000h\000i\000s\000t\000o\000r\000i\000s\000c\000h\000e\000r\000\040\000W\000e\000t\000t\000e\000r\000d\000a\000t\000e\000n\000\040\000\050\000C\000o\000n\000s\000t\000a\000n\000t\000i\000n\000\040\000L\000e\000h\000e\000n\000m\000e\000i\000e\000r\000\051}{chapter.1}% 3
\BOOKMARK [1][-]{section.1.2}{\376\377\000A\000u\000t\000o\000m\000a\000t\000i\000s\000i\000e\000r\000t\000e\000\040\000D\000a\000t\000e\000n\000e\000x\000t\000r\000a\000k\000t\000i\000o\000n\000\040\000i\000m\000\040\000R\000a\000h\000m\000e\000n\000\040\000d\000e\000s\000\040\000F\000W\000F\000-\000P\000r\000o\000j\000e\000k\000t\000s\000\040\040\032\000D\000i\000g\000i\000t\000a\000l\000e\000\040\000E\000r\000s\000c\000h\000l\000i\000e\000\337\000u\000n\000g\000\040\000d\000e\000s\000\040\000S\000c\000h\000e\000m\000a\000t\000i\000s\000m\000u\000s\040\030\000\040\000\050\000B\000e\000r\000n\000h\000a\000r\000d\000\040\000O\000r\000t\000b\000a\000u\000e\000r\000\051}{chapter.1}% 4
\BOOKMARK [0][-]{chapter.2}{Digitale\040Editionen}{part.1}% 5
\BOOKMARK [1][-]{section.2.1}{\376\377\000W\000o\000r\000k\000s\000h\000o\000p\000:\000\040\000T\000E\000I\000\040\000P\000u\000b\000l\000i\000s\000h\000e\000r\000\040\000r\000e\000l\000o\000a\000d\000e\000d\000:\000\040\000D\000i\000g\000i\000t\000a\000l\000e\000\040\000E\000d\000i\000t\000i\000o\000n\000e\000n\000\040\000m\000i\000t\000\040\000S\000y\000s\000t\000e\000m\000\040\040\023\000\040\000m\000o\000d\000u\000l\000a\000r\000,\000\040\000n\000a\000c\000h\000h\000a\000l\000t\000i\000g\000,\000\040\000c\000o\000m\000m\000u\000n\000i\000t\000y\000-\000o\000r\000i\000e\000n\000t\000i\000e\000r\000t\000\040\000\050\000R\000i\000c\000h\000a\000r\000d\000\040\000D\000i\000e\000b\000e\000l\000,\000\040\000N\000i\000l\000s\000\040\000B\000e\000r\000n\000s\000,\000\040\000A\000n\000d\000r\000e\000a\000s\000\040\000C\000h\000r\000i\000s\000t\000,\000\040\000W\000o\000l\000f\000g\000a\000n\000g\000\040\000M\000e\000i\000e\000r\000,\000\040\000M\000a\000g\000d\000a\000l\000e\000n\000a\000\040\000T\000u\000r\000s\000k\000a\000,\000\040\000L\000a\000r\000s\000\040\000W\000i\000n\000d\000a\000u\000e\000r\000\051}{chapter.2}% 6
\BOOKMARK [1][-]{section.2.2}{\376\377\000D\000o\000c\000t\000o\000r\000a\000l\000\040\000C\000o\000n\000s\000o\000r\000t\000i\000u\000m\000:\000\040\000M\000\366\000g\000l\000i\000c\000h\000k\000e\000i\000t\000e\000n\000\040\000u\000n\000d\000\040\000P\000o\000t\000e\000n\000z\000i\000a\000l\000e\000\040\000v\000o\000n\000\040\000i\000n\000t\000e\000r\000-\000\040\000u\000n\000d\000\040\000t\000r\000a\000n\000s\000m\000e\000d\000i\000a\000l\000e\000n\000\040\000E\000d\000i\000t\000i\000o\000n\000e\000n\000\040\000\050\000D\000e\000n\000n\000i\000s\000\040\000F\000r\000i\000e\000d\000l\000\051}{chapter.2}% 7
\BOOKMARK [0][-]{chapter.3}{Andere\040Highlights}{part.1}% 8
\BOOKMARK [1][-]{section.3.1}{Keynote:\040Data\040As\040_______:\040Exploring\040the\040Plurality\040of\040Data\040in\040Visualization\040\(Miriah\040Meyer\)}{chapter.3}% 9
\BOOKMARK [1][-]{section.3.2}{\376\377\000D\000o\000c\000t\000o\000r\000a\000l\000\040\000C\000o\000n\000s\000o\000r\000t\000i\000u\000m\000:\000\040\000D\000i\000e\000\040\000V\000e\000r\000g\000a\000n\000g\000e\000n\000h\000e\000i\000t\000\040\000u\000m\000g\000i\000b\000t\000\040\000u\000n\000s\000\040\040\023\000\040\000D\000i\000g\000i\000t\000a\000l\000i\000s\000i\000e\000r\000t\000e\000s\000\040\000K\000u\000l\000t\000u\000r\000e\000r\000b\000e\000\040\000d\000u\000r\000c\000h\000\040\000s\000i\000t\000u\000i\000e\000r\000t\000e\000\040\000V\000i\000s\000u\000a\000l\000i\000s\000i\000e\000r\000u\000n\000g\000\040\000v\000o\000r\000\040\000O\000r\000t\000\040\000e\000r\000f\000a\000h\000r\000b\000a\000r\000\040\000m\000a\000c\000h\000e\000n\000\040\000\050\000M\000a\000r\000k\000u\000s\000\040\000P\000a\000s\000s\000e\000c\000k\000e\000r\000\051}{chapter.3}% 10
\BOOKMARK [1][-]{section.3.3}{\376\377\000Z\000w\000i\000s\000c\000h\000e\000n\000\040\000S\000t\000r\000u\000k\000t\000u\000r\000\040\000u\000n\000d\000\040\000\334\000b\000e\000r\000r\000a\000s\000c\000h\000u\000n\000g\000\040\040\023\000\040\000G\000e\000s\000t\000a\000l\000t\000u\000n\000g\000\040\000e\000x\000p\000l\000o\000r\000a\000t\000i\000v\000e\000r\000\040\000S\000u\000c\000h\000f\000u\000n\000k\000t\000i\000o\000n\000e\000n\000\040\000f\000\374\000r\000\040\000d\000i\000g\000i\000t\000a\000l\000e\000\040\000K\000o\000r\000p\000o\000r\000a\000\040\000\050\000A\000n\000n\000a\000\040\000S\000c\000h\000l\000a\000n\000d\000e\000r\000\051}{chapter.3}% 11
\BOOKMARK [1][-]{section.3.4}{Warum\040wir\040in\040den\040Digital\040Humanities\040messen\040\(sollten\)\040\(Evelyn\040Gius\)}{chapter.3}% 12
\BOOKMARK [1][-]{section.3.5}{The\040Dialogue\040between\040Reason\040and\040Intuition\040in\040Contemporary\040Philosophy\040\(Maximilian\040Noichl,\040Simon\040DeDeo\)}{chapter.3}% 13
\BOOKMARK [1][-]{section.3.6}{Projektmanagement\040als\040Methode\040\(Julia\040Alili\)}{chapter.3}% 14
\BOOKMARK [0][-]{chapter.4}{Fazit\040zur\040Tagung}{part.1}% 15
\BOOKMARK [-1][-]{part.2}{II\040Das\040Mentoring-Programm}{}% 16
\BOOKMARK [0][-]{chapter.5}{Das\040DHd-Mentoringprogramm}{part.2}% 17
\BOOKMARK [1][-]{section.5.1}{An\040wen\040richtet\040sich\040das\040Programm?}{chapter.5}% 18
\BOOKMARK [1][-]{section.5.2}{\376\377\000W\000o\000b\000e\000i\000\040\000u\000n\000t\000e\000r\000s\000t\000\374\000t\000z\000t\000\040\000d\000a\000s\000\040\000M\000e\000n\000t\000o\000r\000i\000n\000g\000?}{chapter.5}% 19
\BOOKMARK [1][-]{section.5.3}{Formate\040und\040Veranstaltungen}{chapter.5}% 20
\BOOKMARK [2][-]{subsection.5.3.1}{Individuelles\040Mentoring}{section.5.3}% 21
\BOOKMARK [2][-]{subsection.5.3.2}{Peer-to-Peer-Mentoring}{section.5.3}% 22
\BOOKMARK [2][-]{subsection.5.3.3}{Begleitende\040Veranstaltungen}{section.5.3}% 23
\BOOKMARK [1][-]{section.5.4}{Was\040ist\040Mentoring?}{chapter.5}% 24
\BOOKMARK [1][-]{section.5.5}{Was\040ist\040Mentoring\040nicht?}{chapter.5}% 25
\BOOKMARK [1][-]{section.5.6}{\376\377\000W\000e\000i\000t\000e\000r\000f\000\374\000h\000r\000e\000n\000d\000e\000\040\000L\000i\000n\000k\000s}{chapter.5}% 26
\BOOKMARK [0][-]{chapter.6}{Meine\040Erfahrungen}{part.2}% 27
\BOOKMARK [1][-]{section.6.1}{Kick-Off}{chapter.6}% 28
\BOOKMARK [1][-]{section.6.2}{Meetings}{chapter.6}% 29
\BOOKMARK [1][-]{section.6.3}{Fazit}{chapter.6}% 30
\BOOKMARK [-1][-]{part.3}{III\040Arbeitsgruppen\040des\040DHd-Verbandes}{}% 31
\BOOKMARK [0][-]{chapter.7}{\376\377\000\334\000b\000e\000r\000s\000i\000c\000h\000t\000\040\000z\000u\000\040\000d\000e\000n\000\040\000D\000H\000d\000-\000A\000r\000b\000e\000i\000t\000s\000g\000r\000u\000p\000p\000e\000n}{part.3}% 32
